
  .   ____          _            __ _ _
 /\\ / ___'_ __ _ _(_)_ __  __ _ \ \ \ \
( ( )\___ | '_ | '_| | '_ \/ _` | \ \ \ \
 \\/  ___)| |_)| | | | | || (_| |  ) ) ) )
  '  |____| .__|_| |_|_| |_\__, | / / / /
 =========|_|==============|___/=/_/_/_/
 :: Spring Boot ::                (v3.2.7)

2026-08-22T18:34:17.709+08:00  INFO 1220 --- [cloudmart-auth] [           main] cloudmart.auth.AuthApplication           : Starting AuthApplication v1.0.0 using Java 17.0.19 with PID 1220 (E:\Program\Projects_Java\cloudmart-project\cloudmart\cloudmart-auth\target\cloudmart-auth-1.0.0.jar started by ZhuanZ（无密码） in E:\Program\Projects_Java\cloudmart-project\cloudmart)
2026-08-22T18:34:17.718+08:00  INFO 1220 --- [cloudmart-auth] [           main] cloudmart.auth.AuthApplication           : No active profile set, falling back to 1 default profile: "default"
2026-08-22T18:34:19.700+08:00  INFO 1220 --- [cloudmart-auth] [           main] .s.d.r.c.RepositoryConfigurationDelegate : Multiple Spring Data modules found, entering strict repository configuration mode
2026-08-22T18:34:19.706+08:00  INFO 1220 --- [cloudmart-auth] [           main] .s.d.r.c.RepositoryConfigurationDelegate : Bootstrapping Spring Data Redis repositories in DEFAULT mode.
2026-08-22T18:34:19.734+08:00  INFO 1220 --- [cloudmart-auth] [           main] .s.d.r.c.RepositoryConfigurationDelegate : Finished Spring Data repository scanning in 10 ms. Found 0 Redis repository interfaces.
2026-08-22T18:34:20.049+08:00  INFO 1220 --- [cloudmart-auth] [           main] o.s.cloud.context.scope.GenericScope     : BeanFactory id=dd4b7328-9d4f-307b-887f-c2634c7773f8
2026-08-22T18:34:21.294+08:00  INFO 1220 --- [cloudmart-auth] [           main] o.s.b.w.embedded.tomcat.TomcatWebServer  : Tomcat initialized with port 8081 (http)
2026-08-22T18:34:21.327+08:00  INFO 1220 --- [cloudmart-auth] [           main] o.apache.catalina.core.StandardService   : Starting service [Tomcat]
2026-08-22T18:34:21.327+08:00  INFO 1220 --- [cloudmart-auth] [           main] o.apache.catalina.core.StandardEngine    : Starting Servlet engine: [Apache Tomcat/10.1.25]
2026-08-22T18:34:21.426+08:00  INFO 1220 --- [cloudmart-auth] [           main] o.a.c.c.C.[Tomcat].[localhost].[/]       : Initializing Spring embedded WebApplicationContext
2026-08-22T18:34:21.429+08:00  INFO 1220 --- [cloudmart-auth] [           main] w.s.c.ServletWebServerApplicationContext : Root WebApplicationContext: initialization completed in 3592 ms
 _ _   |_  _ _|_. ___ _ |    _ 
| | |\/|_)(_| | |_\  |_)||_|_\ 
     /               |         
                        3.5.7 
2026-08-22T18:34:24.690+08:00  WARN 1220 --- [cloudmart-auth] [           main] .s.s.UserDetailsServiceAutoConfiguration : 

Using generated security password: 3b57ef03-bb48-477b-82ab-e84eddf7be55

This generated password is for development use only. Your security configuration must be updated before running your application in production.

2026-08-22T18:34:26.542+08:00  INFO 1220 --- [cloudmart-auth] [           main] o.s.s.web.DefaultSecurityFilterChain     : Will secure any request with [org.springframework.security.web.session.DisableEncodeUrlFilter@986b619, org.springframework.security.web.context.request.async.WebAsyncManagerIntegrationFilter@5a1a20ae, org.springframework.security.web.context.SecurityContextHolderFilter@2e4ecdf8, org.springframework.security.web.header.HeaderWriterFilter@6996bbc4, org.springframework.web.filter.CorsFilter@7c956dda, org.springframework.security.web.authentication.logout.LogoutFilter@14dbfdb1, org.springframework.security.web.savedrequest.RequestCacheAwareFilter@69a90b81, org.springframework.security.web.servletapi.SecurityContextHolderAwareRequestFilter@a120b9, org.springframework.security.web.authentication.AnonymousAuthenticationFilter@186481d4, org.springframework.security.web.session.SessionManagementFilter@69d2fb0a, org.springframework.security.web.access.ExceptionTranslationFilter@2976ca51, org.springframework.security.web.access.intercept.AuthorizationFilter@1a4930cf]
2026-08-22T18:34:29.855+08:00  INFO 1220 --- [cloudmart-auth] [           main] o.s.b.w.embedded.tomcat.TomcatWebServer  : Tomcat started on port 8081 (http) with context path ''
2026-08-22T18:34:29.884+08:00  INFO 1220 --- [cloudmart-auth] [           main] com.alibaba.nacos.client.naming          : initializer namespace from ans.namespace attribute : null
2026-08-22T18:34:29.893+08:00  INFO 1220 --- [cloudmart-auth] [           main] com.alibaba.nacos.client.naming          : initializer namespace from ALIBABA_ALIWARE_NAMESPACE attribute :null
2026-08-22T18:34:29.894+08:00  INFO 1220 --- [cloudmart-auth] [           main] com.alibaba.nacos.client.naming          : initializer namespace from namespace attribute :null
2026-08-22T18:34:29.895+08:00  INFO 1220 --- [cloudmart-auth] [       Thread-3] c.a.n.c.a.r.identify.CredentialWatcher   : null No credential found
2026-08-22T18:34:29.922+08:00  INFO 1220 --- [cloudmart-auth] [           main] com.alibaba.nacos.client.naming          : FailoverDataSource type is class com.alibaba.nacos.client.naming.backups.datasource.DiskFailoverDataSource
2026-08-22T18:34:29.952+08:00  INFO 1220 --- [cloudmart-auth] [           main] c.alibaba.nacos.client.utils.ParamUtil   : [settings] [req-serv] nacos-server port:8848
2026-08-22T18:34:29.953+08:00  INFO 1220 --- [cloudmart-auth] [           main] c.alibaba.nacos.client.utils.ParamUtil   : [settings] [http-client] connect timeout:1000
2026-08-22T18:34:29.954+08:00  INFO 1220 --- [cloudmart-auth] [           main] c.alibaba.nacos.client.utils.ParamUtil   : PER_TASK_CONFIG_SIZE: 3000.0
2026-08-22T18:34:29.961+08:00  INFO 1220 --- [cloudmart-auth] [           main] c.a.n.p.a.s.c.ClientAuthPluginManager    : [ClientAuthPluginManager] Load ClientAuthService com.alibaba.nacos.client.auth.impl.NacosClientAuthServiceImpl success.
2026-08-22T18:34:29.961+08:00  INFO 1220 --- [cloudmart-auth] [           main] c.a.n.p.a.s.c.ClientAuthPluginManager    : [ClientAuthPluginManager] Load ClientAuthService com.alibaba.nacos.client.auth.ram.RamClientAuthServiceImpl success.
2026-08-22T18:34:29.979+08:00  INFO 1220 --- [cloudmart-auth] [           main] com.alibaba.nacos.common.remote.client   : [RpcClientFactory] create a new rpc client of a50f2cb3-ad18-4f13-b27b-e0a244e133ce
2026-08-22T18:34:30.002+08:00  INFO 1220 --- [cloudmart-auth] [           main] com.alibaba.nacos.client.naming          : Create naming rpc client for uuid->a50f2cb3-ad18-4f13-b27b-e0a244e133ce
2026-08-22T18:34:30.002+08:00  INFO 1220 --- [cloudmart-auth] [           main] com.alibaba.nacos.common.remote.client   : [a50f2cb3-ad18-4f13-b27b-e0a244e133ce] RpcClient init, ServerListFactory = com.alibaba.nacos.client.naming.core.ServerListManager
2026-08-22T18:34:30.002+08:00  INFO 1220 --- [cloudmart-auth] [           main] com.alibaba.nacos.common.remote.client   : [a50f2cb3-ad18-4f13-b27b-e0a244e133ce] Registry connection listener to current client:com.alibaba.nacos.client.naming.remote.gprc.redo.NamingGrpcRedoService
2026-08-22T18:34:30.003+08:00  INFO 1220 --- [cloudmart-auth] [           main] com.alibaba.nacos.common.remote.client   : [a50f2cb3-ad18-4f13-b27b-e0a244e133ce] Register server push request handler:com.alibaba.nacos.client.naming.remote.gprc.NamingPushRequestHandler
2026-08-22T18:34:30.007+08:00  INFO 1220 --- [cloudmart-auth] [           main] com.alibaba.nacos.common.remote.client   : [a50f2cb3-ad18-4f13-b27b-e0a244e133ce] Try to connect to server on start up, server: {serverIp = 'localhost', server main port = 8848}
2026-08-22T18:34:30.044+08:00  INFO 1220 --- [cloudmart-auth] [           main] c.a.n.c.remote.client.grpc.GrpcClient    : grpc client connection server:localhost ip,serverPort:9848,grpcTslConfig:{"sslProvider":"","enableTls":false,"mutualAuthEnable":false,"trustAll":false}
2026-08-22T18:34:30.755+08:00  INFO 1220 --- [cloudmart-auth] [           main] c.a.n.c.a.AbstractAbilityControlManager  : Ready to get current node abilities...
2026-08-22T18:34:30.757+08:00  INFO 1220 --- [cloudmart-auth] [           main] c.a.n.c.a.AbstractAbilityControlManager  : Ready to initialize current node abilities, support modes: [SDK_CLIENT]
2026-08-22T18:34:30.758+08:00  INFO 1220 --- [cloudmart-auth] [           main] c.a.n.c.a.AbstractAbilityControlManager  : Initialize current abilities finish...
2026-08-22T18:34:30.759+08:00  INFO 1220 --- [cloudmart-auth] [           main] c.a.n.c.a.d.NacosAbilityManagerHolder    : [AbilityControlManager] Successfully initialize AbilityControlManager
2026-08-22T18:34:30.865+08:00  INFO 1220 --- [cloudmart-auth] [           main] com.alibaba.nacos.common.remote.client   : [a50f2cb3-ad18-4f13-b27b-e0a244e133ce] Success to connect to server [localhost:8848] on start up, connectionId = 1787394870660_172.18.0.1_41684
2026-08-22T18:34:30.865+08:00  INFO 1220 --- [cloudmart-auth] [remote.worker.0] com.alibaba.nacos.common.remote.client   : [a50f2cb3-ad18-4f13-b27b-e0a244e133ce] Notify connected event to listeners.
2026-08-22T18:34:30.866+08:00  INFO 1220 --- [cloudmart-auth] [remote.worker.0] com.alibaba.nacos.client.naming          : Grpc connection connect
2026-08-22T18:34:30.866+08:00  INFO 1220 --- [cloudmart-auth] [           main] com.alibaba.nacos.common.remote.client   : [a50f2cb3-ad18-4f13-b27b-e0a244e133ce] Register server push request handler:com.alibaba.nacos.common.remote.client.RpcClient$ConnectResetRequestHandler
2026-08-22T18:34:30.866+08:00  INFO 1220 --- [cloudmart-auth] [           main] com.alibaba.nacos.common.remote.client   : [a50f2cb3-ad18-4f13-b27b-e0a244e133ce] Register server push request handler:com.alibaba.nacos.common.remote.client.RpcClient$$Lambda$1235/0x000001d8ad851eb8
2026-08-22T18:34:30.867+08:00  INFO 1220 --- [cloudmart-auth] [           main] com.alibaba.nacos.client.naming          : [REGISTER-SERVICE] public registering service cloudmart-auth with instance Instance{instanceId='null', ip='10.110.31.120', port=8081, weight=1.0, healthy=true, enabled=true, ephemeral=true, clusterName='', serviceName='null', metadata={IPv6=null, preserved.register.source=SPRING_CLOUD}}
2026-08-22T18:34:30.886+08:00  INFO 1220 --- [cloudmart-auth] [           main] c.a.c.n.registry.NacosServiceRegistry    : nacos registry, DEFAULT_GROUP cloudmart-auth 10.110.31.120:8081 register finished
2026-08-22T18:34:31.013+08:00  INFO 1220 --- [cloudmart-auth] [           main] cloudmart.auth.AuthApplication           : Started AuthApplication in 14.342 seconds (process running for 15.198)
2026-08-22T18:35:15.649+08:00  INFO 1220 --- [cloudmart-auth] [nio-8081-exec-1] o.a.c.c.C.[Tomcat].[localhost].[/]       : Initializing Spring DispatcherServlet 'dispatcherServlet'
2026-08-22T18:35:15.649+08:00  INFO 1220 --- [cloudmart-auth] [nio-8081-exec-1] o.s.web.servlet.DispatcherServlet        : Initializing Servlet 'dispatcherServlet'
2026-08-22T18:35:15.650+08:00  INFO 1220 --- [cloudmart-auth] [nio-8081-exec-1] o.s.web.servlet.DispatcherServlet        : Completed initialization in 1 ms
2026-08-22T18:35:15.683+08:00 ERROR 1220 --- [cloudmart-auth] [nio-8081-exec-1] c.exception.GlobalExceptionHandler       : 系统异常: 

org.springframework.web.bind.MissingRequestHeaderException: Required request header 'X-User-Id' for method parameter type Long is not present
	at org.springframework.web.method.annotation.RequestHeaderMethodArgumentResolver.handleMissingValue(RequestHeaderMethodArgumentResolver.java:87) ~[spring-web-6.1.10.jar!/:6.1.10]
	at org.springframework.web.method.annotation.AbstractNamedValueMethodArgumentResolver.handleMissingValue(AbstractNamedValueMethodArgumentResolver.java:235) ~[spring-web-6.1.10.jar!/:6.1.10]
	at org.springframework.web.method.annotation.AbstractNamedValueMethodArgumentResolver.resolveArgument(AbstractNamedValueMethodArgumentResolver.java:126) ~[spring-web-6.1.10.jar!/:6.1.10]
	at org.springframework.web.method.support.HandlerMethodArgumentResolverComposite.resolveArgument(HandlerMethodArgumentResolverComposite.java:122) ~[spring-web-6.1.10.jar!/:6.1.10]
	at org.springframework.web.method.support.InvocableHandlerMethod.getMethodArgumentValues(InvocableHandlerMethod.java:224) ~[spring-web-6.1.10.jar!/:6.1.10]
	at org.springframework.web.method.support.InvocableHandlerMethod.invokeForRequest(InvocableHandlerMethod.java:178) ~[spring-web-6.1.10.jar!/:6.1.10]
	at org.springframework.web.servlet.mvc.method.annotation.ServletInvocableHandlerMethod.invokeAndHandle(ServletInvocableHandlerMethod.java:118) ~[spring-webmvc-6.1.10.jar!/:6.1.10]
	at org.springframework.web.servlet.mvc.method.annotation.RequestMappingHandlerAdapter.invokeHandlerMethod(RequestMappingHandlerAdapter.java:926) ~[spring-webmvc-6.1.10.jar!/:6.1.10]
	at org.springframework.web.servlet.mvc.method.annotation.RequestMappingHandlerAdapter.handleInternal(RequestMappingHandlerAdapter.java:831) ~[spring-webmvc-6.1.10.jar!/:6.1.10]
	at org.springframework.web.servlet.mvc.method.AbstractHandlerMethodAdapter.handle(AbstractHandlerMethodAdapter.java:87) ~[spring-webmvc-6.1.10.jar!/:6.1.10]
	at org.springframework.web.servlet.DispatcherServlet.doDispatch(DispatcherServlet.java:1089) ~[spring-webmvc-6.1.10.jar!/:6.1.10]
	at org.springframework.web.servlet.DispatcherServlet.doService(DispatcherServlet.java:979) ~[spring-webmvc-6.1.10.jar!/:6.1.10]
	at org.springframework.web.servlet.FrameworkServlet.processRequest(FrameworkServlet.java:1014) ~[spring-webmvc-6.1.10.jar!/:6.1.10]
	at org.springframework.web.servlet.FrameworkServlet.doGet(FrameworkServlet.java:903) ~[spring-webmvc-6.1.10.jar!/:6.1.10]
	at jakarta.servlet.http.HttpServlet.service(HttpServlet.java:564) ~[tomcat-embed-core-10.1.25.jar!/:na]
	at org.springframework.web.servlet.FrameworkServlet.service(FrameworkServlet.java:885) ~[spring-webmvc-6.1.10.jar!/:6.1.10]
	at jakarta.servlet.http.HttpServlet.service(HttpServlet.java:658) ~[tomcat-embed-core-10.1.25.jar!/:na]
	at org.apache.catalina.core.ApplicationFilterChain.internalDoFilter(ApplicationFilterChain.java:195) ~[tomcat-embed-core-10.1.25.jar!/:na]
	at org.apache.catalina.core.ApplicationFilterChain.doFilter(ApplicationFilterChain.java:140) ~[tomcat-embed-core-10.1.25.jar!/:na]
	at org.apache.tomcat.websocket.server.WsFilter.doFilter(WsFilter.java:51) ~[tomcat-embed-websocket-10.1.25.jar!/:na]
	at org.apache.catalina.core.ApplicationFilterChain.internalDoFilter(ApplicationFilterChain.java:164) ~[tomcat-embed-core-10.1.25.jar!/:na]
	at org.apache.catalina.core.ApplicationFilterChain.doFilter(ApplicationFilterChain.java:140) ~[tomcat-embed-core-10.1.25.jar!/:na]
	at org.springframework.web.filter.CompositeFilter$VirtualFilterChain.doFilter(CompositeFilter.java:108) ~[spring-web-6.1.10.jar!/:6.1.10]
	at org.springframework.security.web.FilterChainProxy.lambda$doFilterInternal$3(FilterChainProxy.java:231) ~[spring-security-web-6.2.5.jar!/:6.2.5]
	at org.springframework.security.web.FilterChainProxy$VirtualFilterChain.doFilter(FilterChainProxy.java:365) ~[spring-security-web-6.2.5.jar!/:6.2.5]
	at org.springframework.security.web.access.intercept.AuthorizationFilter.doFilter(AuthorizationFilter.java:100) ~[spring-security-web-6.2.5.jar!/:6.2.5]
	at org.springframework.security.web.FilterChainProxy$VirtualFilterChain.doFilter(FilterChainProxy.java:374) ~[spring-security-web-6.2.5.jar!/:6.2.5]
	at org.springframework.security.web.access.ExceptionTranslationFilter.doFilter(ExceptionTranslationFilter.java:126) ~[spring-security-web-6.2.5.jar!/:6.2.5]
	at org.springframework.security.web.access.ExceptionTranslationFilter.doFilter(ExceptionTranslationFilter.java:120) ~[spring-security-web-6.2.5.jar!/:6.2.5]
	at org.springframework.security.web.FilterChainProxy$VirtualFilterChain.doFilter(FilterChainProxy.java:374) ~[spring-security-web-6.2.5.jar!/:6.2.5]
	at org.springframework.security.web.session.SessionManagementFilter.doFilter(SessionManagementFilter.java:131) ~[spring-security-web-6.2.5.jar!/:6.2.5]
	at org.springframework.security.web.session.SessionManagementFilter.doFilter(SessionManagementFilter.java:85) ~[spring-security-web-6.2.5.jar!/:6.2.5]
	at org.springframework.security.web.FilterChainProxy$VirtualFilterChain.doFilter(FilterChainProxy.java:374) ~[spring-security-web-6.2.5.jar!/:6.2.5]
	at org.springframework.security.web.authentication.AnonymousAuthenticationFilter.doFilter(AnonymousAuthenticationFilter.java:100) ~[spring-security-web-6.2.5.jar!/:6.2.5]
	at org.springframework.security.web.FilterChainProxy$VirtualFilterChain.doFilter(FilterChainProxy.java:374) ~[spring-security-web-6.2.5.jar!/:6.2.5]
	at org.springframework.security.web.servletapi.SecurityContextHolderAwareRequestFilter.doFilter(SecurityContextHolderAwareRequestFilter.java:179) ~[spring-security-web-6.2.5.jar!/:6.2.5]
	at org.springframework.security.web.FilterChainProxy$VirtualFilterChain.doFilter(FilterChainProxy.java:374) ~[spring-security-web-6.2.5.jar!/:6.2.5]
	at org.springframework.security.web.savedrequest.RequestCacheAwareFilter.doFilter(RequestCacheAwareFilter.java:63) ~[spring-security-web-6.2.5.jar!/:6.2.5]
	at org.springframework.security.web.FilterChainProxy$VirtualFilterChain.doFilter(FilterChainProxy.java:374) ~[spring-security-web-6.2.5.jar!/:6.2.5]
	at org.springframework.security.web.authentication.logout.LogoutFilter.doFilter(LogoutFilter.java:107) ~[spring-security-web-6.2.5.jar!/:6.2.5]
	at org.springframework.security.web.authentication.logout.LogoutFilter.doFilter(LogoutFilter.java:93) ~[spring-security-web-6.2.5.jar!/:6.2.5]
	at org.springframework.security.web.FilterChainProxy$VirtualFilterChain.doFilter(FilterChainProxy.java:374) ~[spring-security-web-6.2.5.jar!/:6.2.5]
	at org.springframework.web.filter.CorsFilter.doFilterInternal(CorsFilter.java:91) ~[spring-web-6.1.10.jar!/:6.1.10]
	at org.springframework.web.filter.OncePerRequestFilter.doFilter(OncePerRequestFilter.java:116) ~[spring-web-6.1.10.jar!/:6.1.10]
	at org.springframework.security.web.FilterChainProxy$VirtualFilterChain.doFilter(FilterChainProxy.java:374) ~[spring-security-web-6.2.5.jar!/:6.2.5]
	at org.springframework.security.web.header.HeaderWriterFilter.doHeadersAfter(HeaderWriterFilter.java:90) ~[spring-security-web-6.2.5.jar!/:6.2.5]
	at org.springframework.security.web.header.HeaderWriterFilter.doFilterInternal(HeaderWriterFilter.java:75) ~[spring-security-web-6.2.5.jar!/:6.2.5]
	at org.springframework.web.filter.OncePerRequestFilter.doFilter(OncePerRequestFilter.java:116) ~[spring-web-6.1.10.jar!/:6.1.10]
	at org.springframework.security.web.FilterChainProxy$VirtualFilterChain.doFilter(FilterChainProxy.java:374) ~[spring-security-web-6.2.5.jar!/:6.2.5]
	at org.springframework.security.web.context.SecurityContextHolderFilter.doFilter(SecurityContextHolderFilter.java:82) ~[spring-security-web-6.2.5.jar!/:6.2.5]
	at org.springframework.security.web.context.SecurityContextHolderFilter.doFilter(SecurityContextHolderFilter.java:69) ~[spring-security-web-6.2.5.jar!/:6.2.5]
	at org.springframework.security.web.FilterChainProxy$VirtualFilterChain.doFilter(FilterChainProxy.java:374) ~[spring-security-web-6.2.5.jar!/:6.2.5]
	at org.springframework.security.web.context.request.async.WebAsyncManagerIntegrationFilter.doFilterInternal(WebAsyncManagerIntegrationFilter.java:62) ~[spring-security-web-6.2.5.jar!/:6.2.5]
	at org.springframework.web.filter.OncePerRequestFilter.doFilter(OncePerRequestFilter.java:116) ~[spring-web-6.1.10.jar!/:6.1.10]
	at org.springframework.security.web.FilterChainProxy$VirtualFilterChain.doFilter(FilterChainProxy.java:374) ~[spring-security-web-6.2.5.jar!/:6.2.5]
	at org.springframework.security.web.session.DisableEncodeUrlFilter.doFilterInternal(DisableEncodeUrlFilter.java:42) ~[spring-security-web-6.2.5.jar!/:6.2.5]
	at org.springframework.web.filter.OncePerRequestFilter.doFilter(OncePerRequestFilter.java:116) ~[spring-web-6.1.10.jar!/:6.1.10]
	at org.springframework.security.web.FilterChainProxy$VirtualFilterChain.doFilter(FilterChainProxy.java:374) ~[spring-security-web-6.2.5.jar!/:6.2.5]
	at org.springframework.security.web.FilterChainProxy.doFilterInternal(FilterChainProxy.java:233) ~[spring-security-web-6.2.5.jar!/:6.2.5]
	at org.springframework.security.web.FilterChainProxy.doFilter(FilterChainProxy.java:191) ~[spring-security-web-6.2.5.jar!/:6.2.5]
	at org.springframework.web.filter.CompositeFilter$VirtualFilterChain.doFilter(CompositeFilter.java:113) ~[spring-web-6.1.10.jar!/:6.1.10]
	at org.springframework.web.servlet.handler.HandlerMappingIntrospector.lambda$createCacheFilter$3(HandlerMappingIntrospector.java:195) ~[spring-webmvc-6.1.10.jar!/:6.1.10]
	at org.springframework.web.filter.CompositeFilter$VirtualFilterChain.doFilter(CompositeFilter.java:113) ~[spring-web-6.1.10.jar!/:6.1.10]
	at org.springframework.web.filter.CompositeFilter.doFilter(CompositeFilter.java:74) ~[spring-web-6.1.10.jar!/:6.1.10]
	at org.springframework.security.config.annotation.web.configuration.WebMvcSecurityConfiguration$CompositeFilterChainProxy.doFilter(WebMvcSecurityConfiguration.java:230) ~[spring-security-config-6.2.5.jar!/:6.2.5]
	at org.springframework.web.filter.DelegatingFilterProxy.invokeDelegate(DelegatingFilterProxy.java:352) ~[spring-web-6.1.10.jar!/:6.1.10]
	at org.springframework.web.filter.DelegatingFilterProxy.doFilter(DelegatingFilterProxy.java:268) ~[spring-web-6.1.10.jar!/:6.1.10]
	at org.apache.catalina.core.ApplicationFilterChain.internalDoFilter(ApplicationFilterChain.java:164) ~[tomcat-embed-core-10.1.25.jar!/:na]
	at org.apache.catalina.core.ApplicationFilterChain.doFilter(ApplicationFilterChain.java:140) ~[tomcat-embed-core-10.1.25.jar!/:na]
	at org.springframework.web.filter.RequestContextFilter.doFilterInternal(RequestContextFilter.java:100) ~[spring-web-6.1.10.jar!/:6.1.10]
	at org.springframework.web.filter.OncePerRequestFilter.doFilter(OncePerRequestFilter.java:116) ~[spring-web-6.1.10.jar!/:6.1.10]
	at org.apache.catalina.core.ApplicationFilterChain.internalDoFilter(ApplicationFilterChain.java:164) ~[tomcat-embed-core-10.1.25.jar!/:na]
	at org.apache.catalina.core.ApplicationFilterChain.doFilter(ApplicationFilterChain.java:140) ~[tomcat-embed-core-10.1.25.jar!/:na]
	at org.springframework.web.filter.FormContentFilter.doFilterInternal(FormContentFilter.java:93) ~[spring-web-6.1.10.jar!/:6.1.10]
	at org.springframework.web.filter.OncePerRequestFilter.doFilter(OncePerRequestFilter.java:116) ~[spring-web-6.1.10.jar!/:6.1.10]
	at org.apache.catalina.core.ApplicationFilterChain.internalDoFilter(ApplicationFilterChain.java:164) ~[tomcat-embed-core-10.1.25.jar!/:na]
	at org.apache.catalina.core.ApplicationFilterChain.doFilter(ApplicationFilterChain.java:140) ~[tomcat-embed-core-10.1.25.jar!/:na]
	at org.springframework.web.filter.CharacterEncodingFilter.doFilterInternal(CharacterEncodingFilter.java:201) ~[spring-web-6.1.10.jar!/:6.1.10]
	at org.springframework.web.filter.OncePerRequestFilter.doFilter(OncePerRequestFilter.java:116) ~[spring-web-6.1.10.jar!/:6.1.10]
	at org.apache.catalina.core.ApplicationFilterChain.internalDoFilter(ApplicationFilterChain.java:164) ~[tomcat-embed-core-10.1.25.jar!/:na]
	at org.apache.catalina.core.ApplicationFilterChain.doFilter(ApplicationFilterChain.java:140) ~[tomcat-embed-core-10.1.25.jar!/:na]
	at org.apache.catalina.core.StandardWrapperValve.invoke(StandardWrapperValve.java:167) ~[tomcat-embed-core-10.1.25.jar!/:na]
	at org.apache.catalina.core.StandardContextValve.invoke(StandardContextValve.java:90) ~[tomcat-embed-core-10.1.25.jar!/:na]
	at org.apache.catalina.authenticator.AuthenticatorBase.invoke(AuthenticatorBase.java:482) ~[tomcat-embed-core-10.1.25.jar!/:na]
	at org.apache.catalina.core.StandardHostValve.invoke(StandardHostValve.java:115) ~[tomcat-embed-core-10.1.25.jar!/:na]
	at org.apache.catalina.valves.ErrorReportValve.invoke(ErrorReportValve.java:93) ~[tomcat-embed-core-10.1.25.jar!/:na]
	at org.apache.catalina.core.StandardEngineValve.invoke(StandardEngineValve.java:74) ~[tomcat-embed-core-10.1.25.jar!/:na]
	at org.apache.catalina.connector.CoyoteAdapter.service(CoyoteAdapter.java:344) ~[tomcat-embed-core-10.1.25.jar!/:na]
	at org.apache.coyote.http11.Http11Processor.service(Http11Processor.java:389) ~[tomcat-embed-core-10.1.25.jar!/:na]
	at org.apache.coyote.AbstractProcessorLight.process(AbstractProcessorLight.java:63) ~[tomcat-embed-core-10.1.25.jar!/:na]
	at org.apache.coyote.AbstractProtocol$ConnectionHandler.process(AbstractProtocol.java:904) ~[tomcat-embed-core-10.1.25.jar!/:na]
	at org.apache.tomcat.util.net.NioEndpoint$SocketProcessor.doRun(NioEndpoint.java:1741) ~[tomcat-embed-core-10.1.25.jar!/:na]
	at org.apache.tomcat.util.net.SocketProcessorBase.run(SocketProcessorBase.java:52) ~[tomcat-embed-core-10.1.25.jar!/:na]
	at org.apache.tomcat.util.threads.ThreadPoolExecutor.runWorker(ThreadPoolExecutor.java:1190) ~[tomcat-embed-core-10.1.25.jar!/:na]
	at org.apache.tomcat.util.threads.ThreadPoolExecutor$Worker.run(ThreadPoolExecutor.java:659) ~[tomcat-embed-core-10.1.25.jar!/:na]
	at org.apache.tomcat.util.threads.TaskThread$WrappingRunnable.run(TaskThread.java:63) ~[tomcat-embed-core-10.1.25.jar!/:na]
	at java.base/java.lang.Thread.run(Thread.java:840) ~[na:na]

