
  .   ____          _            __ _ _
 /\\ / ___'_ __ _ _(_)_ __  __ _ \ \ \ \
( ( )\___ | '_ | '_| | '_ \/ _` | \ \ \ \
 \\/  ___)| |_)| | | | | || (_| |  ) ) ) )
  '  |____| .__|_| |_|_| |_\__, | / / / /
 =========|_|==============|___/=/_/_/_/
 :: Spring Boot ::                (v3.2.7)

2026-08-22T18:34:17.950+08:00  INFO 8576 --- [cloudmart-gateway] [           main] cloudmart.gateway.GatewayApplication     : Starting GatewayApplication v1.0.0 using Java 17.0.19 with PID 8576 (E:\Program\Projects_Java\cloudmart-project\cloudmart\cloudmart-gateway\target\cloudmart-gateway-1.0.0.jar started by ZhuanZ£¨ÎÞÃÜÂë£© in E:\Program\Projects_Java\cloudmart-project\cloudmart)
2026-08-22T18:34:17.956+08:00  INFO 8576 --- [cloudmart-gateway] [           main] cloudmart.gateway.GatewayApplication     : No active profile set, falling back to 1 default profile: "default"
2026-08-22T18:34:19.683+08:00  INFO 8576 --- [cloudmart-gateway] [           main] .s.d.r.c.RepositoryConfigurationDelegate : Multiple Spring Data modules found, entering strict repository configuration mode
2026-08-22T18:34:19.687+08:00  INFO 8576 --- [cloudmart-gateway] [           main] .s.d.r.c.RepositoryConfigurationDelegate : Bootstrapping Spring Data Redis repositories in DEFAULT mode.
2026-08-22T18:34:19.725+08:00  INFO 8576 --- [cloudmart-gateway] [           main] .s.d.r.c.RepositoryConfigurationDelegate : Finished Spring Data repository scanning in 15 ms. Found 0 Redis repository interfaces.
2026-08-22T18:34:20.061+08:00  INFO 8576 --- [cloudmart-gateway] [           main] o.s.cloud.context.scope.GenericScope     : BeanFactory id=26c3d16e-5752-386a-8425-6ddbaa795b1d
2026-08-22T18:34:20.163+08:00  WARN 8576 --- [cloudmart-gateway] [           main] trationDelegate$BeanPostProcessorChecker : Bean 'org.springframework.cloud.client.loadbalancer.LoadBalancerAutoConfiguration$DeferringLoadBalancerInterceptorConfig' of type [org.springframework.cloud.client.loadbalancer.LoadBalancerAutoConfiguration$DeferringLoadBalancerInterceptorConfig] is not eligible for getting processed by all BeanPostProcessors (for example: not eligible for auto-proxying). The currently created BeanPostProcessor [lbRestClientPostProcessor] is declared through a non-static factory method on that class; consider declaring it as static instead.
2026-08-22T18:34:20.167+08:00  WARN 8576 --- [cloudmart-gateway] [           main] trationDelegate$BeanPostProcessorChecker : Bean 'deferringLoadBalancerInterceptor' of type [org.springframework.cloud.client.loadbalancer.DeferringLoadBalancerInterceptor] is not eligible for getting processed by all BeanPostProcessors (for example: not eligible for auto-proxying). Is this bean getting eagerly injected into a currently created BeanPostProcessor [lbRestClientPostProcessor]? Check the corresponding BeanPostProcessor declaration and its dependencies.
2026-08-22T18:34:20.169+08:00  WARN 8576 --- [cloudmart-gateway] [           main] trationDelegate$BeanPostProcessorChecker : Bean 'org.springframework.cloud.client.loadbalancer.reactive.LoadBalancerBeanPostProcessorAutoConfiguration' of type [org.springframework.cloud.client.loadbalancer.reactive.LoadBalancerBeanPostProcessorAutoConfiguration] is not eligible for getting processed by all BeanPostProcessors (for example: not eligible for auto-proxying). The currently created BeanPostProcessor [loadBalancerWebClientBuilderBeanPostProcessor] is declared through a non-static factory method on that class; consider declaring it as static instead.
2026-08-22T18:34:20.171+08:00  WARN 8576 --- [cloudmart-gateway] [           main] trationDelegate$BeanPostProcessorChecker : Bean 'org.springframework.cloud.client.loadbalancer.reactive.LoadBalancerBeanPostProcessorAutoConfiguration$ReactorDeferringLoadBalancerFilterConfig' of type [org.springframework.cloud.client.loadbalancer.reactive.LoadBalancerBeanPostProcessorAutoConfiguration$ReactorDeferringLoadBalancerFilterConfig] is not eligible for getting processed by all BeanPostProcessors (for example: not eligible for auto-proxying). Is this bean getting eagerly injected into a currently created BeanPostProcessor [loadBalancerWebClientBuilderBeanPostProcessor]? Check the corresponding BeanPostProcessor declaration and its dependencies.
2026-08-22T18:34:20.173+08:00  WARN 8576 --- [cloudmart-gateway] [           main] trationDelegate$BeanPostProcessorChecker : Bean 'reactorDeferringLoadBalancerExchangeFilterFunction' of type [org.springframework.cloud.client.loadbalancer.reactive.DeferringLoadBalancerExchangeFilterFunction] is not eligible for getting processed by all BeanPostProcessors (for example: not eligible for auto-proxying). Is this bean getting eagerly injected into a currently created BeanPostProcessor [loadBalancerWebClientBuilderBeanPostProcessor]? Check the corresponding BeanPostProcessor declaration and its dependencies.
2026-08-22T18:34:24.721+08:00  INFO 8576 --- [cloudmart-gateway] [           main] o.s.c.g.r.RouteDefinitionRouteLocator    : Loaded RoutePredicateFactory [After]
2026-08-22T18:34:24.721+08:00  INFO 8576 --- [cloudmart-gateway] [           main] o.s.c.g.r.RouteDefinitionRouteLocator    : Loaded RoutePredicateFactory [Before]
2026-08-22T18:34:24.722+08:00  INFO 8576 --- [cloudmart-gateway] [           main] o.s.c.g.r.RouteDefinitionRouteLocator    : Loaded RoutePredicateFactory [Between]
2026-08-22T18:34:24.722+08:00  INFO 8576 --- [cloudmart-gateway] [           main] o.s.c.g.r.RouteDefinitionRouteLocator    : Loaded RoutePredicateFactory [Cookie]
2026-08-22T18:34:24.722+08:00  INFO 8576 --- [cloudmart-gateway] [           main] o.s.c.g.r.RouteDefinitionRouteLocator    : Loaded RoutePredicateFactory [Header]
2026-08-22T18:34:24.722+08:00  INFO 8576 --- [cloudmart-gateway] [           main] o.s.c.g.r.RouteDefinitionRouteLocator    : Loaded RoutePredicateFactory [Host]
2026-08-22T18:34:24.722+08:00  INFO 8576 --- [cloudmart-gateway] [           main] o.s.c.g.r.RouteDefinitionRouteLocator    : Loaded RoutePredicateFactory [Method]
2026-08-22T18:34:24.723+08:00  INFO 8576 --- [cloudmart-gateway] [           main] o.s.c.g.r.RouteDefinitionRouteLocator    : Loaded RoutePredicateFactory [Path]
2026-08-22T18:34:24.723+08:00  INFO 8576 --- [cloudmart-gateway] [           main] o.s.c.g.r.RouteDefinitionRouteLocator    : Loaded RoutePredicateFactory [Query]
2026-08-22T18:34:24.723+08:00  INFO 8576 --- [cloudmart-gateway] [           main] o.s.c.g.r.RouteDefinitionRouteLocator    : Loaded RoutePredicateFactory [ReadBody]
2026-08-22T18:34:24.723+08:00  INFO 8576 --- [cloudmart-gateway] [           main] o.s.c.g.r.RouteDefinitionRouteLocator    : Loaded RoutePredicateFactory [RemoteAddr]
2026-08-22T18:34:24.724+08:00  INFO 8576 --- [cloudmart-gateway] [           main] o.s.c.g.r.RouteDefinitionRouteLocator    : Loaded RoutePredicateFactory [XForwardedRemoteAddr]
2026-08-22T18:34:24.724+08:00  INFO 8576 --- [cloudmart-gateway] [           main] o.s.c.g.r.RouteDefinitionRouteLocator    : Loaded RoutePredicateFactory [Weight]
2026-08-22T18:34:24.724+08:00  INFO 8576 --- [cloudmart-gateway] [           main] o.s.c.g.r.RouteDefinitionRouteLocator    : Loaded RoutePredicateFactory [CloudFoundryRouteService]
2026-08-22T18:34:26.244+08:00  WARN 8576 --- [cloudmart-gateway] [           main] iguration$LoadBalancerCaffeineWarnLogger : Spring Cloud LoadBalancer is currently working with the default cache. While this cache implementation is useful for development and tests, it's recommended to use Caffeine cache in production.You can switch to using Caffeine cache, by adding it and org.springframework.cache.caffeine.CaffeineCacheManager to the classpath.
2026-08-22T18:34:26.781+08:00  INFO 8576 --- [cloudmart-gateway] [           main] o.s.b.web.embedded.netty.NettyWebServer  : Netty started on port 8080
2026-08-22T18:34:27.645+08:00  INFO 8576 --- [cloudmart-gateway] [           main] com.alibaba.nacos.client.naming          : initializer namespace from ans.namespace attribute : null
2026-08-22T18:34:27.649+08:00  INFO 8576 --- [cloudmart-gateway] [           main] com.alibaba.nacos.client.naming          : initializer namespace from ALIBABA_ALIWARE_NAMESPACE attribute :null
2026-08-22T18:34:27.651+08:00  INFO 8576 --- [cloudmart-gateway] [           main] com.alibaba.nacos.client.naming          : initializer namespace from namespace attribute :null
2026-08-22T18:34:27.651+08:00  INFO 8576 --- [cloudmart-gateway] [       Thread-5] c.a.n.c.a.r.identify.CredentialWatcher   : null No credential found
2026-08-22T18:34:27.672+08:00  INFO 8576 --- [cloudmart-gateway] [           main] com.alibaba.nacos.client.naming          : FailoverDataSource type is class com.alibaba.nacos.client.naming.backups.datasource.DiskFailoverDataSource
2026-08-22T18:34:27.694+08:00  INFO 8576 --- [cloudmart-gateway] [           main] c.alibaba.nacos.client.utils.ParamUtil   : [settings] [req-serv] nacos-server port:8848
2026-08-22T18:34:27.694+08:00  INFO 8576 --- [cloudmart-gateway] [           main] c.alibaba.nacos.client.utils.ParamUtil   : [settings] [http-client] connect timeout:1000
2026-08-22T18:34:27.696+08:00  INFO 8576 --- [cloudmart-gateway] [           main] c.alibaba.nacos.client.utils.ParamUtil   : PER_TASK_CONFIG_SIZE: 3000.0
2026-08-22T18:34:27.707+08:00  INFO 8576 --- [cloudmart-gateway] [           main] c.a.n.p.a.s.c.ClientAuthPluginManager    : [ClientAuthPluginManager] Load ClientAuthService com.alibaba.nacos.client.auth.impl.NacosClientAuthServiceImpl success.
2026-08-22T18:34:27.707+08:00  INFO 8576 --- [cloudmart-gateway] [           main] c.a.n.p.a.s.c.ClientAuthPluginManager    : [ClientAuthPluginManager] Load ClientAuthService com.alibaba.nacos.client.auth.ram.RamClientAuthServiceImpl success.
2026-08-22T18:34:27.721+08:00  INFO 8576 --- [cloudmart-gateway] [           main] com.alibaba.nacos.common.remote.client   : [RpcClientFactory] create a new rpc client of 65c99127-919e-4321-a792-1c8f7e0c0d17
2026-08-22T18:34:27.749+08:00  INFO 8576 --- [cloudmart-gateway] [           main] com.alibaba.nacos.client.naming          : Create naming rpc client for uuid->65c99127-919e-4321-a792-1c8f7e0c0d17
2026-08-22T18:34:27.750+08:00  INFO 8576 --- [cloudmart-gateway] [           main] com.alibaba.nacos.common.remote.client   : [65c99127-919e-4321-a792-1c8f7e0c0d17] RpcClient init, ServerListFactory = com.alibaba.nacos.client.naming.core.ServerListManager
2026-08-22T18:34:27.750+08:00  INFO 8576 --- [cloudmart-gateway] [           main] com.alibaba.nacos.common.remote.client   : [65c99127-919e-4321-a792-1c8f7e0c0d17] Registry connection listener to current client:com.alibaba.nacos.client.naming.remote.gprc.redo.NamingGrpcRedoService
2026-08-22T18:34:27.750+08:00  INFO 8576 --- [cloudmart-gateway] [           main] com.alibaba.nacos.common.remote.client   : [65c99127-919e-4321-a792-1c8f7e0c0d17] Register server push request handler:com.alibaba.nacos.client.naming.remote.gprc.NamingPushRequestHandler
2026-08-22T18:34:27.753+08:00  INFO 8576 --- [cloudmart-gateway] [           main] com.alibaba.nacos.common.remote.client   : [65c99127-919e-4321-a792-1c8f7e0c0d17] Try to connect to server on start up, server: {serverIp = 'localhost', server main port = 8848}
2026-08-22T18:34:27.802+08:00  INFO 8576 --- [cloudmart-gateway] [           main] c.a.n.c.remote.client.grpc.GrpcClient    : grpc client connection server:localhost ip,serverPort:9848,grpcTslConfig:{"sslProvider":"","enableTls":false,"mutualAuthEnable":false,"trustAll":false}
2026-08-22T18:34:29.442+08:00  INFO 8576 --- [cloudmart-gateway] [           main] c.a.n.c.a.AbstractAbilityControlManager  : Ready to get current node abilities...
2026-08-22T18:34:29.445+08:00  INFO 8576 --- [cloudmart-gateway] [           main] c.a.n.c.a.AbstractAbilityControlManager  : Ready to initialize current node abilities, support modes: [SDK_CLIENT]
2026-08-22T18:34:29.448+08:00  INFO 8576 --- [cloudmart-gateway] [           main] c.a.n.c.a.AbstractAbilityControlManager  : Initialize current abilities finish...
2026-08-22T18:34:29.452+08:00  INFO 8576 --- [cloudmart-gateway] [           main] c.a.n.c.a.d.NacosAbilityManagerHolder    : [AbilityControlManager] Successfully initialize AbilityControlManager
2026-08-22T18:34:29.568+08:00  INFO 8576 --- [cloudmart-gateway] [           main] com.alibaba.nacos.common.remote.client   : [65c99127-919e-4321-a792-1c8f7e0c0d17] Success to connect to server [localhost:8848] on start up, connectionId = 1787394869212_172.18.0.1_41644
2026-08-22T18:34:29.568+08:00  INFO 8576 --- [cloudmart-gateway] [remote.worker.0] com.alibaba.nacos.common.remote.client   : [65c99127-919e-4321-a792-1c8f7e0c0d17] Notify connected event to listeners.
2026-08-22T18:34:29.570+08:00  INFO 8576 --- [cloudmart-gateway] [remote.worker.0] com.alibaba.nacos.client.naming          : Grpc connection connect
2026-08-22T18:34:29.570+08:00  INFO 8576 --- [cloudmart-gateway] [           main] com.alibaba.nacos.common.remote.client   : [65c99127-919e-4321-a792-1c8f7e0c0d17] Register server push request handler:com.alibaba.nacos.common.remote.client.RpcClient$ConnectResetRequestHandler
2026-08-22T18:34:29.570+08:00  INFO 8576 --- [cloudmart-gateway] [           main] com.alibaba.nacos.common.remote.client   : [65c99127-919e-4321-a792-1c8f7e0c0d17] Register server push request handler:com.alibaba.nacos.common.remote.client.RpcClient$$Lambda$995/0x0000021baa751878
2026-08-22T18:34:29.572+08:00  INFO 8576 --- [cloudmart-gateway] [           main] com.alibaba.nacos.client.naming          : [REGISTER-SERVICE] public registering service cloudmart-gateway with instance Instance{instanceId='null', ip='10.110.31.120', port=8080, weight=1.0, healthy=true, enabled=true, ephemeral=true, clusterName='', serviceName='null', metadata={IPv6=null, preserved.register.source=SPRING_CLOUD}}
2026-08-22T18:34:29.625+08:00  INFO 8576 --- [cloudmart-gateway] [           main] c.a.c.n.registry.NacosServiceRegistry    : nacos registry, DEFAULT_GROUP cloudmart-gateway 10.110.31.120:8080 register finished
2026-08-22T18:34:29.707+08:00  INFO 8576 --- [cloudmart-gateway] [           main] cloudmart.gateway.GatewayApplication     : Started GatewayApplication in 12.695 seconds (process running for 13.944)
