
  .   ____          _            __ _ _
 /\\ / ___'_ __ _ _(_)_ __  __ _ \ \ \ \
( ( )\___ | '_ | '_| | '_ \/ _` | \ \ \ \
 \\/  ___)| |_)| | | | | || (_| |  ) ) ) )
  '  |____| .__|_| |_|_| |_\__, | / / / /
 =========|_|==============|___/=/_/_/_/
 :: Spring Boot ::                (v3.2.7)

2026-08-22T18:34:17.669+08:00  INFO 38772 --- [cloudmart-order] [           main] cloudmart.order.OrderApplication         : Starting OrderApplication v1.0.0 using Java 17.0.19 with PID 38772 (E:\Program\Projects_Java\cloudmart-project\cloudmart\cloudmart-order\target\cloudmart-order-1.0.0.jar started by ZhuanZ£¨ÎÞÃÜÂë£© in E:\Program\Projects_Java\cloudmart-project\cloudmart)
2026-08-22T18:34:17.678+08:00  INFO 38772 --- [cloudmart-order] [           main] cloudmart.order.OrderApplication         : No active profile set, falling back to 1 default profile: "default"
2026-08-22T18:34:19.590+08:00  INFO 38772 --- [cloudmart-order] [           main] .s.d.r.c.RepositoryConfigurationDelegate : Multiple Spring Data modules found, entering strict repository configuration mode
2026-08-22T18:34:19.599+08:00  INFO 38772 --- [cloudmart-order] [           main] .s.d.r.c.RepositoryConfigurationDelegate : Bootstrapping Spring Data Redis repositories in DEFAULT mode.
2026-08-22T18:34:19.652+08:00  INFO 38772 --- [cloudmart-order] [           main] .s.d.r.c.RepositoryConfigurationDelegate : Finished Spring Data repository scanning in 23 ms. Found 0 Redis repository interfaces.
2026-08-22T18:34:19.945+08:00  INFO 38772 --- [cloudmart-order] [           main] o.s.cloud.context.scope.GenericScope     : BeanFactory id=26c1cfc6-2924-30f7-ad45-ff1f70616ba6
2026-08-22T18:34:20.993+08:00  INFO 38772 --- [cloudmart-order] [           main] o.s.b.w.embedded.tomcat.TomcatWebServer  : Tomcat initialized with port 8083 (http)
2026-08-22T18:34:21.020+08:00  INFO 38772 --- [cloudmart-order] [           main] o.apache.catalina.core.StandardService   : Starting service [Tomcat]
2026-08-22T18:34:21.021+08:00  INFO 38772 --- [cloudmart-order] [           main] o.apache.catalina.core.StandardEngine    : Starting Servlet engine: [Apache Tomcat/10.1.25]
2026-08-22T18:34:21.169+08:00  INFO 38772 --- [cloudmart-order] [           main] o.a.c.c.C.[Tomcat].[localhost].[/]       : Initializing Spring embedded WebApplicationContext
2026-08-22T18:34:21.172+08:00  INFO 38772 --- [cloudmart-order] [           main] w.s.c.ServletWebServerApplicationContext : Root WebApplicationContext: initialization completed in 3359 ms
 _ _   |_  _ _|_. ___ _ |    _ 
| | |\/|_)(_| | |_\  |_)||_|_\ 
     /               |         
                        3.5.7 
2026-08-22T18:34:29.284+08:00  INFO 38772 --- [cloudmart-order] [           main] o.s.b.w.embedded.tomcat.TomcatWebServer  : Tomcat started on port 8083 (http) with context path ''
2026-08-22T18:34:29.302+08:00  INFO 38772 --- [cloudmart-order] [           main] com.alibaba.nacos.client.naming          : initializer namespace from ans.namespace attribute : null
2026-08-22T18:34:29.307+08:00  INFO 38772 --- [cloudmart-order] [           main] com.alibaba.nacos.client.naming          : initializer namespace from ALIBABA_ALIWARE_NAMESPACE attribute :null
2026-08-22T18:34:29.308+08:00  INFO 38772 --- [cloudmart-order] [           main] com.alibaba.nacos.client.naming          : initializer namespace from namespace attribute :null
2026-08-22T18:34:29.309+08:00  INFO 38772 --- [cloudmart-order] [       Thread-3] c.a.n.c.a.r.identify.CredentialWatcher   : null No credential found
2026-08-22T18:34:29.337+08:00  INFO 38772 --- [cloudmart-order] [           main] com.alibaba.nacos.client.naming          : FailoverDataSource type is class com.alibaba.nacos.client.naming.backups.datasource.DiskFailoverDataSource
2026-08-22T18:34:29.366+08:00  INFO 38772 --- [cloudmart-order] [           main] c.alibaba.nacos.client.utils.ParamUtil   : [settings] [req-serv] nacos-server port:8848
2026-08-22T18:34:29.367+08:00  INFO 38772 --- [cloudmart-order] [           main] c.alibaba.nacos.client.utils.ParamUtil   : [settings] [http-client] connect timeout:1000
2026-08-22T18:34:29.371+08:00  INFO 38772 --- [cloudmart-order] [           main] c.alibaba.nacos.client.utils.ParamUtil   : PER_TASK_CONFIG_SIZE: 3000.0
2026-08-22T18:34:29.390+08:00  INFO 38772 --- [cloudmart-order] [           main] c.a.n.p.a.s.c.ClientAuthPluginManager    : [ClientAuthPluginManager] Load ClientAuthService com.alibaba.nacos.client.auth.impl.NacosClientAuthServiceImpl success.
2026-08-22T18:34:29.390+08:00  INFO 38772 --- [cloudmart-order] [           main] c.a.n.p.a.s.c.ClientAuthPluginManager    : [ClientAuthPluginManager] Load ClientAuthService com.alibaba.nacos.client.auth.ram.RamClientAuthServiceImpl success.
2026-08-22T18:34:29.417+08:00  INFO 38772 --- [cloudmart-order] [           main] com.alibaba.nacos.common.remote.client   : [RpcClientFactory] create a new rpc client of 80f3d869-3825-4b28-bea1-b7acc33e9023
2026-08-22T18:34:29.460+08:00  INFO 38772 --- [cloudmart-order] [           main] com.alibaba.nacos.client.naming          : Create naming rpc client for uuid->80f3d869-3825-4b28-bea1-b7acc33e9023
2026-08-22T18:34:29.461+08:00  INFO 38772 --- [cloudmart-order] [           main] com.alibaba.nacos.common.remote.client   : [80f3d869-3825-4b28-bea1-b7acc33e9023] RpcClient init, ServerListFactory = com.alibaba.nacos.client.naming.core.ServerListManager
2026-08-22T18:34:29.461+08:00  INFO 38772 --- [cloudmart-order] [           main] com.alibaba.nacos.common.remote.client   : [80f3d869-3825-4b28-bea1-b7acc33e9023] Registry connection listener to current client:com.alibaba.nacos.client.naming.remote.gprc.redo.NamingGrpcRedoService
2026-08-22T18:34:29.462+08:00  INFO 38772 --- [cloudmart-order] [           main] com.alibaba.nacos.common.remote.client   : [80f3d869-3825-4b28-bea1-b7acc33e9023] Register server push request handler:com.alibaba.nacos.client.naming.remote.gprc.NamingPushRequestHandler
2026-08-22T18:34:29.468+08:00  INFO 38772 --- [cloudmart-order] [           main] com.alibaba.nacos.common.remote.client   : [80f3d869-3825-4b28-bea1-b7acc33e9023] Try to connect to server on start up, server: {serverIp = 'localhost', server main port = 8848}
2026-08-22T18:34:29.505+08:00  INFO 38772 --- [cloudmart-order] [           main] c.a.n.c.remote.client.grpc.GrpcClient    : grpc client connection server:localhost ip,serverPort:9848,grpcTslConfig:{"sslProvider":"","enableTls":false,"mutualAuthEnable":false,"trustAll":false}
2026-08-22T18:34:30.362+08:00  INFO 38772 --- [cloudmart-order] [           main] c.a.n.c.a.AbstractAbilityControlManager  : Ready to get current node abilities...
2026-08-22T18:34:30.363+08:00  INFO 38772 --- [cloudmart-order] [           main] c.a.n.c.a.AbstractAbilityControlManager  : Ready to initialize current node abilities, support modes: [SDK_CLIENT]
2026-08-22T18:34:30.364+08:00  INFO 38772 --- [cloudmart-order] [           main] c.a.n.c.a.AbstractAbilityControlManager  : Initialize current abilities finish...
2026-08-22T18:34:30.365+08:00  INFO 38772 --- [cloudmart-order] [           main] c.a.n.c.a.d.NacosAbilityManagerHolder    : [AbilityControlManager] Successfully initialize AbilityControlManager
2026-08-22T18:34:30.477+08:00  INFO 38772 --- [cloudmart-order] [           main] com.alibaba.nacos.common.remote.client   : [80f3d869-3825-4b28-bea1-b7acc33e9023] Success to connect to server [localhost:8848] on start up, connectionId = 1787394870262_172.18.0.1_41660
2026-08-22T18:34:30.478+08:00  INFO 38772 --- [cloudmart-order] [remote.worker.0] com.alibaba.nacos.common.remote.client   : [80f3d869-3825-4b28-bea1-b7acc33e9023] Notify connected event to listeners.
2026-08-22T18:34:30.478+08:00  INFO 38772 --- [cloudmart-order] [           main] com.alibaba.nacos.common.remote.client   : [80f3d869-3825-4b28-bea1-b7acc33e9023] Register server push request handler:com.alibaba.nacos.common.remote.client.RpcClient$ConnectResetRequestHandler
2026-08-22T18:34:30.478+08:00  INFO 38772 --- [cloudmart-order] [remote.worker.0] com.alibaba.nacos.client.naming          : Grpc connection connect
2026-08-22T18:34:30.478+08:00  INFO 38772 --- [cloudmart-order] [           main] com.alibaba.nacos.common.remote.client   : [80f3d869-3825-4b28-bea1-b7acc33e9023] Register server push request handler:com.alibaba.nacos.common.remote.client.RpcClient$$Lambda$1191/0x0000020d17835b78
2026-08-22T18:34:30.479+08:00  INFO 38772 --- [cloudmart-order] [           main] com.alibaba.nacos.client.naming          : [REGISTER-SERVICE] public registering service cloudmart-order with instance Instance{instanceId='null', ip='10.110.31.120', port=8083, weight=1.0, healthy=true, enabled=true, ephemeral=true, clusterName='', serviceName='null', metadata={IPv6=null, preserved.register.source=SPRING_CLOUD}}
2026-08-22T18:34:30.506+08:00  INFO 38772 --- [cloudmart-order] [           main] c.a.c.n.registry.NacosServiceRegistry    : nacos registry, DEFAULT_GROUP cloudmart-order 10.110.31.120:8083 register finished
2026-08-22T18:34:30.660+08:00  INFO 38772 --- [cloudmart-order] [           main] cloudmart.order.OrderApplication         : Started OrderApplication in 13.977 seconds (process running for 14.818)
2026-08-22T18:35:16.360+08:00  INFO 38772 --- [cloudmart-order] [nio-8083-exec-1] o.a.c.c.C.[Tomcat].[localhost].[/]       : Initializing Spring DispatcherServlet 'dispatcherServlet'
2026-08-22T18:35:16.360+08:00  INFO 38772 --- [cloudmart-order] [nio-8083-exec-1] o.s.web.servlet.DispatcherServlet        : Initializing Servlet 'dispatcherServlet'
2026-08-22T18:35:16.362+08:00  INFO 38772 --- [cloudmart-order] [nio-8083-exec-1] o.s.web.servlet.DispatcherServlet        : Completed initialization in 2 ms
2026-08-22T18:35:16.453+08:00  INFO 38772 --- [cloudmart-order] [nio-8083-exec-1] com.zaxxer.hikari.HikariDataSource       : HikariPool-1 - Starting...
2026-08-22T18:35:16.826+08:00  INFO 38772 --- [cloudmart-order] [nio-8083-exec-1] com.zaxxer.hikari.pool.HikariPool        : HikariPool-1 - Added connection com.mysql.cj.jdbc.ConnectionImpl@34f68d96
2026-08-22T18:35:16.828+08:00  INFO 38772 --- [cloudmart-order] [nio-8083-exec-1] com.zaxxer.hikari.HikariDataSource       : HikariPool-1 - Start completed.
