
  .   ____          _            __ _ _
 /\\ / ___'_ __ _ _(_)_ __  __ _ \ \ \ \
( ( )\___ | '_ | '_| | '_ \/ _` | \ \ \ \
 \\/  ___)| |_)| | | | | || (_| |  ) ) ) )
  '  |____| .__|_| |_|_| |_\__, | / / / /
 =========|_|==============|___/=/_/_/_/
 :: Spring Boot ::                (v3.2.7)

2026-08-22T18:34:17.693+08:00  INFO 22624 --- [cloudmart-product] [           main] cloudmart.product.ProductApplication     : Starting ProductApplication v1.0.0 using Java 17.0.19 with PID 22624 (E:\Program\Projects_Java\cloudmart-project\cloudmart\cloudmart-product\target\cloudmart-product-1.0.0-exec.jar started by ZhuanZ£¨ÎÞÃÜÂë£© in E:\Program\Projects_Java\cloudmart-project\cloudmart)
2026-08-22T18:34:17.702+08:00  INFO 22624 --- [cloudmart-product] [           main] cloudmart.product.ProductApplication     : No active profile set, falling back to 1 default profile: "default"
2026-08-22T18:34:19.525+08:00  INFO 22624 --- [cloudmart-product] [           main] .s.d.r.c.RepositoryConfigurationDelegate : Multiple Spring Data modules found, entering strict repository configuration mode
2026-08-22T18:34:19.531+08:00  INFO 22624 --- [cloudmart-product] [           main] .s.d.r.c.RepositoryConfigurationDelegate : Bootstrapping Spring Data Redis repositories in DEFAULT mode.
2026-08-22T18:34:19.590+08:00  INFO 22624 --- [cloudmart-product] [           main] .s.d.r.c.RepositoryConfigurationDelegate : Finished Spring Data repository scanning in 25 ms. Found 0 Redis repository interfaces.
2026-08-22T18:34:19.885+08:00  INFO 22624 --- [cloudmart-product] [           main] o.s.cloud.context.scope.GenericScope     : BeanFactory id=2413ba24-96e2-3da7-a46f-733abfeab120
2026-08-22T18:34:20.959+08:00  INFO 22624 --- [cloudmart-product] [           main] o.s.b.w.embedded.tomcat.TomcatWebServer  : Tomcat initialized with port 8082 (http)
2026-08-22T18:34:20.990+08:00  INFO 22624 --- [cloudmart-product] [           main] o.apache.catalina.core.StandardService   : Starting service [Tomcat]
2026-08-22T18:34:20.990+08:00  INFO 22624 --- [cloudmart-product] [           main] o.apache.catalina.core.StandardEngine    : Starting Servlet engine: [Apache Tomcat/10.1.25]
2026-08-22T18:34:21.143+08:00  INFO 22624 --- [cloudmart-product] [           main] o.a.c.c.C.[Tomcat].[localhost].[/]       : Initializing Spring embedded WebApplicationContext
2026-08-22T18:34:21.149+08:00  INFO 22624 --- [cloudmart-product] [           main] w.s.c.ServletWebServerApplicationContext : Root WebApplicationContext: initialization completed in 3320 ms
 _ _   |_  _ _|_. ___ _ |    _ 
| | |\/|_)(_| | |_\  |_)||_|_\ 
     /               |         
                        3.5.7 
2026-08-22T18:34:29.739+08:00  INFO 22624 --- [cloudmart-product] [           main] o.s.b.w.embedded.tomcat.TomcatWebServer  : Tomcat started on port 8082 (http) with context path ''
2026-08-22T18:34:29.755+08:00  INFO 22624 --- [cloudmart-product] [           main] com.alibaba.nacos.client.naming          : initializer namespace from ans.namespace attribute : null
2026-08-22T18:34:29.758+08:00  INFO 22624 --- [cloudmart-product] [           main] com.alibaba.nacos.client.naming          : initializer namespace from ALIBABA_ALIWARE_NAMESPACE attribute :null
2026-08-22T18:34:29.759+08:00  INFO 22624 --- [cloudmart-product] [           main] com.alibaba.nacos.client.naming          : initializer namespace from namespace attribute :null
2026-08-22T18:34:29.760+08:00  INFO 22624 --- [cloudmart-product] [       Thread-3] c.a.n.c.a.r.identify.CredentialWatcher   : null No credential found
2026-08-22T18:34:29.777+08:00  INFO 22624 --- [cloudmart-product] [           main] com.alibaba.nacos.client.naming          : FailoverDataSource type is class com.alibaba.nacos.client.naming.backups.datasource.DiskFailoverDataSource
2026-08-22T18:34:29.790+08:00  INFO 22624 --- [cloudmart-product] [           main] c.alibaba.nacos.client.utils.ParamUtil   : [settings] [req-serv] nacos-server port:8848
2026-08-22T18:34:29.791+08:00  INFO 22624 --- [cloudmart-product] [           main] c.alibaba.nacos.client.utils.ParamUtil   : [settings] [http-client] connect timeout:1000
2026-08-22T18:34:29.792+08:00  INFO 22624 --- [cloudmart-product] [           main] c.alibaba.nacos.client.utils.ParamUtil   : PER_TASK_CONFIG_SIZE: 3000.0
2026-08-22T18:34:29.798+08:00  INFO 22624 --- [cloudmart-product] [           main] c.a.n.p.a.s.c.ClientAuthPluginManager    : [ClientAuthPluginManager] Load ClientAuthService com.alibaba.nacos.client.auth.impl.NacosClientAuthServiceImpl success.
2026-08-22T18:34:29.798+08:00  INFO 22624 --- [cloudmart-product] [           main] c.a.n.p.a.s.c.ClientAuthPluginManager    : [ClientAuthPluginManager] Load ClientAuthService com.alibaba.nacos.client.auth.ram.RamClientAuthServiceImpl success.
2026-08-22T18:34:29.811+08:00  INFO 22624 --- [cloudmart-product] [           main] com.alibaba.nacos.common.remote.client   : [RpcClientFactory] create a new rpc client of d6b9b4ae-c178-4ca7-a205-e52a4f43484e
2026-08-22T18:34:29.834+08:00  INFO 22624 --- [cloudmart-product] [           main] com.alibaba.nacos.client.naming          : Create naming rpc client for uuid->d6b9b4ae-c178-4ca7-a205-e52a4f43484e
2026-08-22T18:34:29.834+08:00  INFO 22624 --- [cloudmart-product] [           main] com.alibaba.nacos.common.remote.client   : [d6b9b4ae-c178-4ca7-a205-e52a4f43484e] RpcClient init, ServerListFactory = com.alibaba.nacos.client.naming.core.ServerListManager
2026-08-22T18:34:29.835+08:00  INFO 22624 --- [cloudmart-product] [           main] com.alibaba.nacos.common.remote.client   : [d6b9b4ae-c178-4ca7-a205-e52a4f43484e] Registry connection listener to current client:com.alibaba.nacos.client.naming.remote.gprc.redo.NamingGrpcRedoService
2026-08-22T18:34:29.835+08:00  INFO 22624 --- [cloudmart-product] [           main] com.alibaba.nacos.common.remote.client   : [d6b9b4ae-c178-4ca7-a205-e52a4f43484e] Register server push request handler:com.alibaba.nacos.client.naming.remote.gprc.NamingPushRequestHandler
2026-08-22T18:34:29.838+08:00  INFO 22624 --- [cloudmart-product] [           main] com.alibaba.nacos.common.remote.client   : [d6b9b4ae-c178-4ca7-a205-e52a4f43484e] Try to connect to server on start up, server: {serverIp = 'localhost', server main port = 8848}
2026-08-22T18:34:29.876+08:00  INFO 22624 --- [cloudmart-product] [           main] c.a.n.c.remote.client.grpc.GrpcClient    : grpc client connection server:localhost ip,serverPort:9848,grpcTslConfig:{"sslProvider":"","enableTls":false,"mutualAuthEnable":false,"trustAll":false}
2026-08-22T18:34:30.599+08:00  INFO 22624 --- [cloudmart-product] [           main] c.a.n.c.a.AbstractAbilityControlManager  : Ready to get current node abilities...
2026-08-22T18:34:30.601+08:00  INFO 22624 --- [cloudmart-product] [           main] c.a.n.c.a.AbstractAbilityControlManager  : Ready to initialize current node abilities, support modes: [SDK_CLIENT]
2026-08-22T18:34:30.601+08:00  INFO 22624 --- [cloudmart-product] [           main] c.a.n.c.a.AbstractAbilityControlManager  : Initialize current abilities finish...
2026-08-22T18:34:30.602+08:00  INFO 22624 --- [cloudmart-product] [           main] c.a.n.c.a.d.NacosAbilityManagerHolder    : [AbilityControlManager] Successfully initialize AbilityControlManager
2026-08-22T18:34:30.711+08:00  INFO 22624 --- [cloudmart-product] [           main] com.alibaba.nacos.common.remote.client   : [d6b9b4ae-c178-4ca7-a205-e52a4f43484e] Success to connect to server [localhost:8848] on start up, connectionId = 1787394870521_172.18.0.1_41674
2026-08-22T18:34:30.713+08:00  INFO 22624 --- [cloudmart-product] [remote.worker.0] com.alibaba.nacos.common.remote.client   : [d6b9b4ae-c178-4ca7-a205-e52a4f43484e] Notify connected event to listeners.
2026-08-22T18:34:30.713+08:00  INFO 22624 --- [cloudmart-product] [remote.worker.0] com.alibaba.nacos.client.naming          : Grpc connection connect
2026-08-22T18:34:30.713+08:00  INFO 22624 --- [cloudmart-product] [           main] com.alibaba.nacos.common.remote.client   : [d6b9b4ae-c178-4ca7-a205-e52a4f43484e] Register server push request handler:com.alibaba.nacos.common.remote.client.RpcClient$ConnectResetRequestHandler
2026-08-22T18:34:30.713+08:00  INFO 22624 --- [cloudmart-product] [           main] com.alibaba.nacos.common.remote.client   : [d6b9b4ae-c178-4ca7-a205-e52a4f43484e] Register server push request handler:com.alibaba.nacos.common.remote.client.RpcClient$$Lambda$1191/0x0000023e01838668
2026-08-22T18:34:30.715+08:00  INFO 22624 --- [cloudmart-product] [           main] com.alibaba.nacos.client.naming          : [REGISTER-SERVICE] public registering service cloudmart-product with instance Instance{instanceId='null', ip='10.110.31.120', port=8082, weight=1.0, healthy=true, enabled=true, ephemeral=true, clusterName='', serviceName='null', metadata={IPv6=null, preserved.register.source=SPRING_CLOUD}}
2026-08-22T18:34:30.740+08:00  INFO 22624 --- [cloudmart-product] [           main] c.a.c.n.registry.NacosServiceRegistry    : nacos registry, DEFAULT_GROUP cloudmart-product 10.110.31.120:8082 register finished
2026-08-22T18:34:30.893+08:00  INFO 22624 --- [cloudmart-product] [           main] cloudmart.product.ProductApplication     : Started ProductApplication in 14.23 seconds (process running for 15.062)
2026-08-22T18:35:15.767+08:00  INFO 22624 --- [cloudmart-product] [nio-8082-exec-1] o.a.c.c.C.[Tomcat].[localhost].[/]       : Initializing Spring DispatcherServlet 'dispatcherServlet'
2026-08-22T18:35:15.767+08:00  INFO 22624 --- [cloudmart-product] [nio-8082-exec-1] o.s.web.servlet.DispatcherServlet        : Initializing Servlet 'dispatcherServlet'
2026-08-22T18:35:15.769+08:00  INFO 22624 --- [cloudmart-product] [nio-8082-exec-1] o.s.web.servlet.DispatcherServlet        : Completed initialization in 2 ms
2026-08-22T18:35:15.872+08:00  INFO 22624 --- [cloudmart-product] [nio-8082-exec-1] com.zaxxer.hikari.HikariDataSource       : HikariPool-1 - Starting...
2026-08-22T18:35:16.234+08:00  INFO 22624 --- [cloudmart-product] [nio-8082-exec-1] com.zaxxer.hikari.pool.HikariPool        : HikariPool-1 - Added connection com.mysql.cj.jdbc.ConnectionImpl@48d465b7
2026-08-22T18:35:16.236+08:00  INFO 22624 --- [cloudmart-product] [nio-8082-exec-1] com.zaxxer.hikari.HikariDataSource       : HikariPool-1 - Start completed.
